// Jest Snapshot v1, https://goo.gl/fbAQLP

exports[`<PasswordModal renders PasswordModal correctly 1`] = `
<Modal
  ariaHideApp={true}
  bodyOpenClassName="ReactModal__Body--open"
  className="password-modal"
  closeTimeoutMS={0}
  isOpen={true}
  onRequestClose={[Function]}
  parentSelector={[Function]}
  portalClassName="ReactModalPortal"
  shouldCloseOnEsc={true}
  shouldCloseOnOverlayClick={true}
  shouldFocusAfterRender={true}
  shouldReturnFocusAfterClose={true}
>
  <form
    onSubmit={[Function]}
  >
    <h3>
      Join Room
    </h3>
    <p
      className="error"
    />
    <p>
      Password
    </p>
    <input
      autoComplete="off"
      autoFocus={true}
      name="password"
      type="password"
    />
    <button
      className="button-text"
      type="submit"
    >
      Join
    </button>
  </form>
</Modal>
`;
